MPLINK 4.49, Linker
Linker Map File - Created Sat Dec 01 18:05:34 2018

                                 Section Info
                  Section       Type    Address   Location Size(Bytes)
                ---------  ---------  ---------  ---------  ---------
                   .org_0       code   0x000000    program   0x000000
                   .org_1       code   0x000000    program   0x0000c8



                              Program Memory Usage 
                               Start         End      
                           ---------   ---------      
                            0x000000    0x000063      
            100 out of 8454 program addresses used, program memory utilization is 1%



                              Symbols - Sorted by Name
                     Name    Address   Location    Storage File                     
                ---------  ---------  ---------  --------- ---------                
                ANA_METOT   0x000001    program     static D:\mikroislemciler\2018GuzDonemi\66.uygulama\uygulama-66.asm
                    DONGU   0x00000e    program     static D:\mikroislemciler\2018GuzDonemi\66.uygulama\uygulama-66.asm
                  GECIKME   0x00005b    program     static D:\mikroislemciler\2018GuzDonemi\66.uygulama\uygulama-66.asm
              KOMUTGONDER   0x000030    program     static D:\mikroislemciler\2018GuzDonemi\66.uygulama\uygulama-66.asm
                 KOMUTYAZ   0x00002a    program     static D:\mikroislemciler\2018GuzDonemi\66.uygulama\uygulama-66.asm
                  KONTROL   0x000009    program     static D:\mikroislemciler\2018GuzDonemi\66.uygulama\uygulama-66.asm
              LCD_AYARLAR   0x000044    program     static D:\mikroislemciler\2018GuzDonemi\66.uygulama\uygulama-66.asm
                  ONSATIR   0x000022    program     static D:\mikroislemciler\2018GuzDonemi\66.uygulama\uygulama-66.asm
                   SATIR2   0x000026    program     static D:\mikroislemciler\2018GuzDonemi\66.uygulama\uygulama-66.asm
                      SIL   0x000017    program     static D:\mikroislemciler\2018GuzDonemi\66.uygulama\uygulama-66.asm
                   TABLO1   0x00004d    program     static D:\mikroislemciler\2018GuzDonemi\66.uygulama\uygulama-66.asm
                   TABLO2   0x000059    program     static D:\mikroislemciler\2018GuzDonemi\66.uygulama\uygulama-66.asm
                  TEKRAR1   0x00005d    program     static D:\mikroislemciler\2018GuzDonemi\66.uygulama\uygulama-66.asm
                  TEKRAR2   0x00005f    program     static D:\mikroislemciler\2018GuzDonemi\66.uygulama\uygulama-66.asm
               VERIGONDER   0x00003d    program     static D:\mikroislemciler\2018GuzDonemi\66.uygulama\uygulama-66.asm
                  VERIYAZ   0x000037    program     static D:\mikroislemciler\2018GuzDonemi\66.uygulama\uygulama-66.asm
                      YAZ   0x00000f    program     static D:\mikroislemciler\2018GuzDonemi\66.uygulama\uygulama-66.asm



                              Symbols - Sorted by Address
                     Name    Address   Location    Storage File                     
                ---------  ---------  ---------  --------- ---------                
                ANA_METOT   0x000001    program     static D:\mikroislemciler\2018GuzDonemi\66.uygulama\uygulama-66.asm
                  KONTROL   0x000009    program     static D:\mikroislemciler\2018GuzDonemi\66.uygulama\uygulama-66.asm
                    DONGU   0x00000e    program     static D:\mikroislemciler\2018GuzDonemi\66.uygulama\uygulama-66.asm
                      YAZ   0x00000f    program     static D:\mikroislemciler\2018GuzDonemi\66.uygulama\uygulama-66.asm
                      SIL   0x000017    program     static D:\mikroislemciler\2018GuzDonemi\66.uygulama\uygulama-66.asm
                  ONSATIR   0x000022    program     static D:\mikroislemciler\2018GuzDonemi\66.uygulama\uygulama-66.asm
                   SATIR2   0x000026    program     static D:\mikroislemciler\2018GuzDonemi\66.uygulama\uygulama-66.asm
                 KOMUTYAZ   0x00002a    program     static D:\mikroislemciler\2018GuzDonemi\66.uygulama\uygulama-66.asm
              KOMUTGONDER   0x000030    program     static D:\mikroislemciler\2018GuzDonemi\66.uygulama\uygulama-66.asm
                  VERIYAZ   0x000037    program     static D:\mikroislemciler\2018GuzDonemi\66.uygulama\uygulama-66.asm
               VERIGONDER   0x00003d    program     static D:\mikroislemciler\2018GuzDonemi\66.uygulama\uygulama-66.asm
              LCD_AYARLAR   0x000044    program     static D:\mikroislemciler\2018GuzDonemi\66.uygulama\uygulama-66.asm
                   TABLO1   0x00004d    program     static D:\mikroislemciler\2018GuzDonemi\66.uygulama\uygulama-66.asm
                   TABLO2   0x000059    program     static D:\mikroislemciler\2018GuzDonemi\66.uygulama\uygulama-66.asm
                  GECIKME   0x00005b    program     static D:\mikroislemciler\2018GuzDonemi\66.uygulama\uygulama-66.asm
                  TEKRAR1   0x00005d    program     static D:\mikroislemciler\2018GuzDonemi\66.uygulama\uygulama-66.asm
                  TEKRAR2   0x00005f    program     static D:\mikroislemciler\2018GuzDonemi\66.uygulama\uygulama-66.asm


